// Jest Snapshot v1, https://goo.gl/fbAQLP

exports[`Pages Home it renders correctly 1`] = `
Array [
  <div
    className=" fixed z-20 md:hidden w-full transition-all duration-300 ease-in-out top-0"
  >
    <div
      className="container flex mx-auto py-5 text-black transition-all duration-300 ease-in-out"
    >
      <svg
        className="w-8 md:hidden mr-6"
        fill="none"
        onClick={[Function]}
        stroke="currentColor"
        viewBox="0 0 24 24"
        xmlns="http://www.w3.org/2000/svg"
      >
        <path
          d="M4 6h16M4 12h16M4 18h16"
          strokeLinecap="round"
          strokeLinejoin="round"
          strokeWidth="2"
        />
      </svg>
      <img
        alt="andy's american kustoms logo"
        className="mr-10 w-24"
        src="test-file-stub"
      />
    </div>
  </div>,
  <div
    className="transition-all duration-300 ease-in-out overflow-hidden w-full bg-white fixed top-0 z-10 md:py-5 md:mt-0 h-0 md:h-auto"
  >
    <div
      className="container mx-auto"
    >
      <nav
        className="flex flex-col md:flex-row"
      >
        <img
          alt="andy's american kustoms logo"
          className="mr-10 w-28 hidden md:block"
          src="test-file-stub"
        />
        <ul
          className="md:flex mt-16 md:mt-0 items-center pt-4 md:pt-0 uppercase font-medium"
        >
          <a
            className="md:p-4 py-3 px-0 block border-b-2 border-transparent hover:text-red-700"
            href="/"
            onClick={[Function]}
            onMouseEnter={[Function]}
          >
            Home
          </a>
          <a
            className="md:p-4 py-3 px-0 block border-b-2 border-transparent hover:text-red-700"
            href="/about"
            onClick={[Function]}
            onMouseEnter={[Function]}
          >
            About
          </a>
          <a
            className="md:p-4 py-3 px-0 block border-b-2 border-transparent hover:text-red-700"
            href="/projects"
            onClick={[Function]}
            onMouseEnter={[Function]}
          >
            Projects
          </a>
          <a
            className="md:p-4 py-3 px-0 block border-b-2 border-transparent hover:text-red-700"
            href="/contact"
            onClick={[Function]}
            onMouseEnter={[Function]}
          >
            Contact
          </a>
        </ul>
      </nav>
    </div>
  </div>,
  <main>
    <div
      className="top h-screen flex"
    >
      <div
        className="left rad-red transform md:-skew-x-6 h-full w-full lg:w-3/4 xl:w-1/2 overflow-x-hidden md:-ml-20 flex justify-center md:justify-end lg:justify-center z-1 md:pr-10 lg:pr-0"
      >
        <div
          className="transform md:skew-x-6 self-center max-w-md p-5"
        >
          <h1
            className="text-4xl font-bold text-gray-50"
          >
            ANDY'S AMERICAN
            <br />
            KUSTOMS
          </h1>
          <p
            className="text-gray-200 font-light my-5"
          >
            This is my one man business to restore, repair or modify just about anything! Diagnostics using oscilloscopes, scan tools and test lights are skills that I continue to work on everyday. But my main passion is bringing old machinery back to life and perhaps injecting some new technology at the same time!! Have a look at my projects below and contact me if you think I can help.
          </p>
          <a
            href="/projects"
            onClick={[Function]}
            onMouseEnter={[Function]}
          >
            <button
              className="px-6 py-2.5 text-gray-100 transition-colors duration-150 font-medium rounded-tl-lg rounded-br-lg bg-gray-700 border-2 border-gray-700 focus:shadow-outline hover:bg-gray-800 hover:border-gray-800 mr-3"
            >
              View Projects
            </button>
          </a>
          <a
            href="/contact"
            onClick={[Function]}
            onMouseEnter={[Function]}
          >
            <button
              className="inline-flex items-center px-6 py-2.5 text-gray-300 transition-colors duration-150 font-medium rounded-md border-gray-300 focus:shadow-outline hover:border-gray-400 hover:text-gray-400"
            >
              <span>
                Contact
              </span>
              <svg
                className="w-6 h-4 ml-2"
                fill="currentColor"
                viewBox="0 0 20 20"
                xmlns="http://www.w3.org/2000/svg"
              >
                <path
                  clipRule="evenodd"
                  d="M12.293 5.293a1 1 0 011.414 0l4 4a1 1 0 010 1.414l-4 4a1 1 0 01-1.414-1.414L14.586 11H3a1 1 0 110-2h11.586l-2.293-2.293a1 1 0 010-1.414z"
                  fillRule="evenodd"
                />
              </svg>
            </button>
          </a>
        </div>
      </div>
      <div
        className="right bg-hero-bg bg-no-repeat sm:w-1/3 md:w-2/3 -ml-20 object-cover h-full bg-cover bg-right hidden sm:flex"
      >
        <div
          className="absolute h-2/3 w-36 transform -skew-x-6 bg-secondary self-center"
        />
      </div>
    </div>
    <div
      className="epic-gray h-500"
    >
      <div
        className="mx-auto container md:flex"
      >
        <p
          className="text-2xl font-light pt-20 md:w-3/4"
        >
          Lorem ipsum dolor sit amet, consectetur adipiscing elit. Cras maximus mi nec sem sodales, eget pellentesque neque pulvinar. Phasellus sollicitudin erat sit amet tempus gravida. Nam in ex molestie
        </p>
        <div
          className="pt-10 md:pt-20 flex-1 text-center self-center"
        >
          <a
            href="/projects"
            onClick={[Function]}
            onMouseEnter={[Function]}
          >
            <button
              className="text-grey-800 rounded-tl-lg rounded-br-lg border-2 border-gray-800 text-lg py-3 px-5 inline-flex items-center"
            >
              <span>
                All Projects
              </span>
              <svg
                className="w-6 h-4 ml-2"
                fill="currentColor"
                viewBox="0 0 20 20"
                xmlns="http://www.w3.org/2000/svg"
              >
                <path
                  clipRule="evenodd"
                  d="M12.293 5.293a1 1 0 011.414 0l4 4a1 1 0 010 1.414l-4 4a1 1 0 01-1.414-1.414L14.586 11H3a1 1 0 110-2h11.586l-2.293-2.293a1 1 0 010-1.414z"
                  fillRule="evenodd"
                />
              </svg>
            </button>
          </a>
        </div>
      </div>
    </div>
    <div
      className="md:-mt-60 w-full"
    >
      <div
        className="container mx-auto"
      >
        <div
          className="grid md:grid-cols-3 sm:grid-cols-2 gap-2"
        >
          <div
            className="relative"
          >
            <a
              href="/projects/wow"
              onClick={[Function]}
              onMouseEnter={[Function]}
            >
              <div
                style={
                  Object {
                    "boxSizing": "border-box",
                    "display": "block",
                    "margin": 0,
                    "overflow": "hidden",
                    "position": "relative",
                  }
                }
              >
                <div
                  style={
                    Object {
                      "boxSizing": "border-box",
                      "display": "block",
                      "paddingTop": "100%",
                    }
                  }
                />
                <img
                  decoding="async"
                  src="data:image/gif;base64,R0lGODlhAQABAIAAAAAAAP///yH5BAEAAAAALAAAAAABAAEAAAIBRAA7"
                  style={
                    Object {
                      "border": "none",
                      "bottom": 0,
                      "boxSizing": "border-box",
                      "display": "block",
                      "height": 0,
                      "left": 0,
                      "margin": "auto",
                      "maxHeight": "100%",
                      "maxWidth": "100%",
                      "minHeight": "100%",
                      "minWidth": "100%",
                      "objectFit": "cover",
                      "objectPosition": undefined,
                      "padding": 0,
                      "position": "absolute",
                      "right": 0,
                      "top": 0,
                      "visibility": "hidden",
                      "width": 0,
                    }
                  }
                />
              </div>
              <div
                className="false opacity-0 absolute flex top-0 left-0 p-2 w-full h-full justify-center cursor-pointer text-gray-50 text-2xl items-center bg-black bg-opacity-50 transition ease-in-out duration-200"
                onFocus={[Function]}
                onMouseLeave={[Function]}
                onMouseOver={[Function]}
              >
                <span
                  className="border-solid border-2 p-4 md:p-8 text-center border-gray-50"
                >
                  First Post!!
                </span>
              </div>
            </a>
          </div>
        </div>
      </div>
    </div>
  </main>,
  <div
    className="container mx-auto mt-16"
  >
    <div
      className="flex place-content-center py-8"
    >
      <a
        href="https://www.facebook.com/andyskustoms/"
      >
        <img
          alt="facebook icon"
          className="mx-1"
          height={40}
          src="test-file-stub"
          width={40}
        />
      </a>
      <a
        href="https://www.instagram.com/andysamericankustoms/"
      >
        <img
          alt="instagram icon"
          className="mx-1"
          height={40}
          src="test-file-stub"
          width={40}
        />
      </a>
    </div>
  </div>,
]
`;
